// Jest Snapshot v1, https://goo.gl/fbAQLP

exports[`should match snapshot 1`] = `
<div
  className="lg:grid lg:grid-cols-2 gap-12 max-w-7xl mx-auto"
>
  <header
    className="lg:sticky lg:h-screen top-0 self-start py-16 lg:py-28"
  >
    <h1
      className="text-5xl lg:text-7xl font-extrabold tracking-tight mb-3 text-transparent bg-clip-text bg-gradient-to-br from-white to-pink-100"
    >
      Github
      <br />
      Repo Search
    </h1>
    <p
      className="text-2xl lg:text-3xl mb-10 text-pink-50 lg:font-light"
    >
      See Github repos belonging to any organization
    </p>
    <form
      className="flex items-center gap-2"
      onSubmit={[Function]}
    >
      <label
        className="flex-1 block"
      >
        <span
          className="sr-only"
        >
          Search:
        </span>
        <input
          autoFocus={true}
          className="bg-white py-2 px-4 focus:ring-indigo-500 focus:border-indigo-500 block w-full shadow-md border-gray-300 rounded-lg capitalize transition duration-200 ease-in-out disabled:opacity-50"
          disabled={true}
          name="org"
          onChange={[Function]}
          placeholder="Search Github organizations"
          type="text"
          value="netflix"
        />
      </label>
      <button
        className="flex-none text-white py-2 px-4 border border-transparent rounded-lg shadow-md bg-indigo-600 hover:bg-indigo-700 focus:outline-none focus:ring-2 focus:ring-indigo-500 transition duration-200 ease-in-out disabled:opacity-50 inline-flex justify-center items-center"
        disabled={true}
        type="submit"
      >
        Search
        <LoadingSpinner
          className="ml-2 text-xl"
        />
      </button>
    </form>
  </header>
  <ul
    className="my-6 -mx-4 lg:mx-0"
    id="repo-list"
  >
    <RepoListItemLoading />
    <RepoListItemLoading />
    <RepoListItemLoading />
    <RepoListItemLoading />
    <RepoListItemLoading />
  </ul>
</div>
`;
