// Jest Snapshot v1, https://goo.gl/fbAQLP

exports[`should match snapshot 1`] = `
<li
  className="p-6 mx-auto bg-white rounded-xl shadow-xl mb-3"
  id="zuul"
>
  <h5
    className="text-3xl font-bold text-gray-900"
  >
    <a
      className="hover:text-indigo-600"
      href="https://github.com/Netflix/zuul"
      rel="nofollow"
      target="_blank"
    >
      zuul
    </a>
  </h5>
  <p
    className="text-gray-500 text-xl"
  >
    Zuul is a gateway service that provides dynamic routing, monitoring, resiliency, security, and more.
  </p>
  <ul
    className="flex items-center text-gray-600 mt-6 mb-8 gap-x-8"
  >
    <li
      className="flex-initial"
    >
      <a
        aria-label="Pull requests"
        className="rounded-sm hover:text-indigo-800 hover:underline focus:text-indigo-800 focus:outline-none focus:ring-2 focus:ring-offset-8 focus:ring-indigo-500 transition duration-200 ease-in-out"
        href="https://github.com/Netflix/zuul/pulls"
        rel="nofollow"
        target="_blank"
      >
        <svg
          aria-hidden="true"
          className="mr-2"
          dangerouslySetInnerHTML={
            Object {
              "__html": "<path fill-rule=\\"evenodd\\" d=\\"M7.177 3.073L9.573.677A.25.25 0 0110 .854v4.792a.25.25 0 01-.427.177L7.177 3.427a.25.25 0 010-.354zM3.75 2.5a.75.75 0 100 1.5.75.75 0 000-1.5zm-2.25.75a2.25 2.25 0 113 2.122v5.256a2.251 2.251 0 11-1.5 0V5.372A2.25 2.25 0 011.5 3.25zM11 2.5h-1V4h1a1 1 0 011 1v5.628a2.251 2.251 0 101.5 0V5A2.5 2.5 0 0011 2.5zm1 10.25a.75.75 0 111.5 0 .75.75 0 01-1.5 0zM3.75 12a.75.75 0 100 1.5.75.75 0 000-1.5z\\"></path>",
            }
          }
          fill="currentColor"
          height={16}
          role="img"
          style={
            Object {
              "display": "inline-block",
              "overflow": "visible",
              "userSelect": "none",
              "verticalAlign": "text-bottom",
            }
          }
          viewBox="0 0 16 16"
          width={16}
        />
        PRs
      </a>
    </li>
    <li
      className="flex-initial"
    >
      <a
        className="rounded-sm hover:text-indigo-800 hover:underline focus:text-indigo-800 focus:outline-none focus:ring-2 focus:ring-offset-8 focus:ring-indigo-500 transition duration-200 ease-in-out"
        href="https://github.com/Netflix/zuul/issues"
        rel="nofollow"
        target="_blank"
      >
        <svg
          aria-hidden="false"
          aria-label="Open issues"
          className="mr-2"
          dangerouslySetInnerHTML={
            Object {
              "__html": "<path d=\\"M8 9.5a1.5 1.5 0 100-3 1.5 1.5 0 000 3z\\"></path><path fill-rule=\\"evenodd\\" d=\\"M8 0a8 8 0 100 16A8 8 0 008 0zM1.5 8a6.5 6.5 0 1113 0 6.5 6.5 0 01-13 0z\\"></path>",
            }
          }
          fill="currentColor"
          height={16}
          role="img"
          style={
            Object {
              "display": "inline-block",
              "overflow": "visible",
              "userSelect": "none",
              "verticalAlign": "text-bottom",
            }
          }
          viewBox="0 0 16 16"
          width={16}
        />
        251
      </a>
    </li>
    <li
      className="flex-initial"
    >
      <a
        className="rounded-sm hover:text-indigo-800 hover:underline focus:text-indigo-800 focus:outline-none focus:ring-2 focus:ring-offset-8 focus:ring-indigo-500 transition duration-200 ease-in-out"
        href="https://github.com/Netflix/zuul/stargazers"
        rel="nofollow"
        target="_blank"
      >
        <svg
          aria-hidden="false"
          aria-label="Star count"
          className="mr-2"
          dangerouslySetInnerHTML={
            Object {
              "__html": "<path fill-rule=\\"evenodd\\" d=\\"M8 .25a.75.75 0 01.673.418l1.882 3.815 4.21.612a.75.75 0 01.416 1.279l-3.046 2.97.719 4.192a.75.75 0 01-1.088.791L8 12.347l-3.766 1.98a.75.75 0 01-1.088-.79l.72-4.194L.818 6.374a.75.75 0 01.416-1.28l4.21-.611L7.327.668A.75.75 0 018 .25zm0 2.445L6.615 5.5a.75.75 0 01-.564.41l-3.097.45 2.24 2.184a.75.75 0 01.216.664l-.528 3.084 2.769-1.456a.75.75 0 01.698 0l2.77 1.456-.53-3.084a.75.75 0 01.216-.664l2.24-2.183-3.096-.45a.75.75 0 01-.564-.41L8 2.694v.001z\\"></path>",
            }
          }
          fill="currentColor"
          height={16}
          role="img"
          style={
            Object {
              "display": "inline-block",
              "overflow": "visible",
              "userSelect": "none",
              "verticalAlign": "text-bottom",
            }
          }
          viewBox="0 0 16 16"
          width={16}
        />
        11271
      </a>
    </li>
    <li
      className="flex-initial"
    >
      <span
        className="px-3 inline-flex text-sm font-semibold rounded-full bg-indigo-100 text-indigo-800"
      >
        Java
      </span>
    </li>
  </ul>
  <div
    className="pl-4"
  >
    <ul
      className="border-l-4 border-gray-100 pl-3"
      id="zuul-commits"
    />
  </div>
  <button
    className="bg-white py-2 px-4 border border-indigo-300 rounded-full shadow-sm text-sm leading-4 font-medium text-indigo-800 hover:bg-indigo-50 focus:outline-none focus:ring-2 focus:ring-offset-2 focus:ring-indigo-500 transition duration-200 ease-in-out disabled:opacity-50 inline-flex justify-center items-center"
    disabled={false}
    onClick={[Function]}
    type="button"
  >
    Load latest commits
  </button>
</li>
`;
